slurmstepd: info: Setting TMPDIR to /scratch/10024345. Previous errors about TMPDIR can be discarded
train :  87599
validation :  10570
{'lr': 3e-05, 'epochs': 2, 'seed': 42, 'batch_size': 32, 'data_fraction': 1.0, 'precision': 'amp', 'data_dir': './data', 'ckpt_path': '/mnt/netapp2/Store_uni//home/ulc/cursos/curso363/checkpoints/a100_amp_opt/checkpoint.pt', 'log_dir': 'runs/a100_amp_opt', 'log_every': 20, 'num_workers': 0, 'compile': True, 'profile': False, 'warmup_steps': 50}
2.11.0+cu128
NVIDIA A100-PCIE-40GB
_CudaDeviceProperties(name='NVIDIA A100-PCIE-40GB', major=8, minor=0, total_memory=40442MB, multi_processor_count=108, uuid=bd13fa64-f376-8422-cd96-58f218a1c0a4, pci_bus_id=23, pci_device_id=0, pci_domain_id=0, L2_cache_size=40MB)
train features: 88492
no checkpoint, starting fresh
Throughput after warm-up: 385.8 features/s
===== Epoch 0/1 =====
Loss: 1.3152
Epoch 0 training time: 259.70 seconds, eval time: 36.26
EM: 78.4863, F1: 86.5582
Throughput after warm-up: 383.9 features/s
===== Epoch 1/1 =====
Loss: 0.8037
Epoch 1 training time: 230.45 seconds, eval time: 14.68
EM: 80.1608, F1: 87.6247

Total training time: 490.15 seconds
Total eval time: 50.94 seconds
peak GPU memory: 5.57 GB
