slurmstepd: info: Setting TMPDIR to /scratch/10021307. Previous errors about TMPDIR can be discarded
train :  87599
validation :  10570
{'lr': 2e-05, 'epochs': 2, 'seed': 42, 'batch_size': 8, 'data_fraction': 1.0, 'precision': 'amp', 'data_dir': './data', 'ckpt_path': '/mnt/netapp2/Store_uni//home/ulc/cursos/curso363/checkpoints/a100_amp/checkpoint.pt', 'log_dir': 'runs/a100_amp', 'log_every': 20}
2.11.0+cu128
NVIDIA A100-PCIE-40GB
_CudaDeviceProperties(name='NVIDIA A100-PCIE-40GB', major=8, minor=0, total_memory=40442MB, multi_processor_count=108, uuid=8bdc6ee1-27a5-4df9-fb3f-478402873d9a, pci_bus_id=152, pci_device_id=0, pci_domain_id=0, L2_cache_size=40MB)
train features: 88492
no checkpoint, starting fresh
===== Epoch 0/1 =====
Loss: 1.2638
Epoch 0 training time: 454.11 seconds, eval time: 20.61
EM: 78.7606, F1: 86.7942
===== Epoch 1/1 =====
Loss: 0.7770
Epoch 1 training time: 445.13 seconds, eval time: 20.41
EM: 80.0568, F1: 87.5429

Total training time: 899.24 seconds
Total eval time: 41.03 seconds
peak GPU memory: 2.65 GB
