slurmstepd: info: Setting TMPDIR to /scratch/10021293. Previous errors about TMPDIR can be discarded
train :  87599
validation :  10570
{'lr': 2e-05, 'epochs': 2, 'seed': 42, 'batch_size': 8, 'data_fraction': 1.0, 'precision': 'fp32', 'data_dir': './data', 'ckpt_path': '/mnt/netapp2/Store_uni//home/ulc/cursos/curso363/checkpoints/a100_fp32/checkpoint.pt', 'log_dir': 'runs/a100_fp32', 'log_every': 20}
2.11.0+cu128
NVIDIA A100-PCIE-40GB
_CudaDeviceProperties(name='NVIDIA A100-PCIE-40GB', major=8, minor=0, total_memory=40442MB, multi_processor_count=108, uuid=baea56e7-935c-34a5-8734-e0be5095b645, pci_bus_id=152, pci_device_id=0, pci_domain_id=0, L2_cache_size=40MB)
train features: 88492
no checkpoint, starting fresh
===== Epoch 0/1 =====
Loss: 1.2674
Epoch 0 training time: 1472.72 seconds, eval time: 64.35
EM: 79.3756, F1: 87.0024
===== Epoch 1/1 =====
Loss: 0.7841
Epoch 1 training time: 1466.42 seconds, eval time: 64.32
EM: 80.4447, F1: 87.7291

Total training time: 2939.14 seconds
Total eval time: 128.66 seconds
peak GPU memory: 3.11 GB
