cesga/2020 unloaded
        Preparing the environment for use of the CESGA 2022 software stack.
        Please rebuild modules cache: module --ignore-cache avail
     
cesga/2022 loaded
python/3.10.8 loaded

The following have been reloaded with a version change:
  1) cesga/2020 => cesga/2022

Warning: You are sending unauthenticated requests to the HF Hub. Please set a HF_TOKEN to enable higher rate limits and faster downloads.
Loading weights:   0%|          | 0/197 [00:00<?, ?it/s]Loading weights: 100%|██████████| 197/197 [00:00<00:00, 6316.72it/s]
[transformers] [1mBertForQuestionAnswering LOAD REPORT[0m from: google-bert/bert-base-uncased
Key                                        | Status     | 
-------------------------------------------+------------+-
bert.pooler.dense.bias                     | UNEXPECTED | 
cls.seq_relationship.weight                | UNEXPECTED | 
cls.predictions.transform.LayerNorm.weight | UNEXPECTED | 
cls.predictions.transform.LayerNorm.bias   | UNEXPECTED | 
cls.seq_relationship.bias                  | UNEXPECTED | 
cls.predictions.transform.dense.bias       | UNEXPECTED | 
cls.predictions.bias                       | UNEXPECTED | 
cls.predictions.transform.dense.weight     | UNEXPECTED | 
bert.pooler.dense.weight                   | UNEXPECTED | 
qa_outputs.weight                          | MISSING    | 
qa_outputs.bias                            | MISSING    | 

Notes:
- UNEXPECTED:	can be ignored when loading from different task/architecture; not ok if you expect identical arch.
- MISSING:	those params were newly initialized because missing from the checkpoint. Consider training on your downstream task.
  0%|          | 0/1 [00:00<?, ?it/s]
  0%|          | 0/2114 [00:00<?, ?it/s][A
 13%|█▎        | 270/2114 [00:00<00:00, 2698.21it/s][A
 26%|██▋       | 559/2114 [00:00<00:00, 2809.29it/s][A
 40%|████      | 851/2114 [00:00<00:00, 2858.20it/s][A
 54%|█████▍    | 1137/2114 [00:00<00:00, 2835.80it/s][A
 67%|██████▋   | 1422/2114 [00:00<00:00, 2839.20it/s][A
 81%|████████  | 1710/2114 [00:00<00:00, 2850.23it/s][A
 94%|█████████▍| 1996/2114 [00:00<00:00, 2832.72it/s][A100%|██████████| 2114/2114 [00:00<00:00, 2831.23it/s]
100%|██████████| 1/1 [01:47<00:00, 107.97s/it]100%|██████████| 1/1 [01:47<00:00, 107.98s/it]
