cesga/2020 unloaded
        Preparing the environment for use of the CESGA 2022 software stack.
        Please rebuild modules cache: module --ignore-cache avail
     
cesga/2022 loaded
python/3.10.8 loaded

The following have been reloaded with a version change:
  1) cesga/2020 => cesga/2022

Warning: You are sending unauthenticated requests to the HF Hub. Please set a HF_TOKEN to enable higher rate limits and faster downloads.
Loading weights:   0%|          | 0/197 [00:00<?, ?it/s]Loading weights: 100%|██████████| 197/197 [00:00<00:00, 2617.06it/s]
[transformers] [1mBertForQuestionAnswering LOAD REPORT[0m from: google-bert/bert-base-uncased
Key                                        | Status     | 
-------------------------------------------+------------+-
cls.seq_relationship.weight                | UNEXPECTED | 
cls.seq_relationship.bias                  | UNEXPECTED | 
cls.predictions.transform.LayerNorm.weight | UNEXPECTED | 
cls.predictions.transform.dense.weight     | UNEXPECTED | 
bert.pooler.dense.bias                     | UNEXPECTED | 
cls.predictions.transform.dense.bias       | UNEXPECTED | 
cls.predictions.bias                       | UNEXPECTED | 
bert.pooler.dense.weight                   | UNEXPECTED | 
cls.predictions.transform.LayerNorm.bias   | UNEXPECTED | 
qa_outputs.bias                            | MISSING    | 
qa_outputs.weight                          | MISSING    | 

Notes:
- UNEXPECTED:	can be ignored when loading from different task/architecture; not ok if you expect identical arch.
- MISSING:	those params were newly initialized because missing from the checkpoint. Consider training on your downstream task.
  0%|          | 0/1 [00:00<?, ?it/s]
  0%|          | 0/2114 [00:00<?, ?it/s][A
 13%|█▎        | 269/2114 [00:00<00:00, 2678.15it/s][A
 27%|██▋       | 564/2114 [00:00<00:00, 2833.54it/s][A
 41%|████      | 863/2114 [00:00<00:00, 2904.38it/s][A
 55%|█████▍    | 1154/2114 [00:00<00:00, 2887.26it/s][A
 68%|██████▊   | 1447/2114 [00:00<00:00, 2900.61it/s][A
 82%|████████▏ | 1740/2114 [00:00<00:00, 2908.33it/s][A
 96%|█████████▌| 2031/2114 [00:00<00:00, 2893.71it/s][A100%|██████████| 2114/2114 [00:00<00:00, 2883.31it/s]
100%|██████████| 1/1 [01:35<00:00, 95.18s/it]100%|██████████| 1/1 [01:35<00:00, 95.18s/it]
