slurmstepd: info: Setting TMPDIR to /scratch/10021374. Previous errors about TMPDIR can be discarded
train :  87599
validation :  10570
{'lr': 2e-05, 'epochs': 2, 'seed': 42, 'batch_size': 8, 'data_fraction': 1.0, 'precision': 'fp32', 'data_dir': './data', 'ckpt_path': '/mnt/netapp2/Store_uni//home/ulc/cursos/curso363/checkpoints/t4_fp32/checkpoint.pt', 'log_dir': 'runs/t4_fp32', 'log_every': 20}
2.11.0+cu128
Tesla T4
_CudaDeviceProperties(name='Tesla T4', major=7, minor=5, total_memory=14913MB, multi_processor_count=40, uuid=28b63ff8-442d-1636-ae92-37ba961ccc5e, pci_bus_id=152, pci_device_id=0, pci_domain_id=0, L2_cache_size=4MB)
train features: 88492
no checkpoint, starting fresh
===== Epoch 0/1 =====
Loss: 1.2597
Epoch 0 training time: 6244.17 seconds, eval time: 241.60
EM: 78.5714, F1: 86.5896
===== Epoch 1/1 =====
Loss: 0.7782
Epoch 1 training time: 6252.09 seconds, eval time: 241.05
EM: 79.9905, F1: 87.3205

Total training time: 12496.26 seconds
Total eval time: 482.65 seconds
peak GPU memory: 3.11 GB
